 GT Feed [PROBLEMS]                     3 agents  ● 1 ok │ ● 1 stuck │ 1 idle
╭──────────────────────────────────────────────────────────────────────────────╮
│ NEEDS ATTENTION (1)                                                          │
│                                                                              │
│ ▶ rictus        🔥 GUPP!   45m no progress       gs-9k0  gastown             │
│                                                                              │
│ WORKING (1)                                                                  │
│   ● gastown (1)                                                              │
│                                                                              │
│ IDLE (1)                                                                     │
│   ○                                                                          │
│                                                                              │
│                                                                              │
│                                                                              │
│                                                                              │
│                                                                              │
│                                                                              │
│                                                                              │
│                                                                              │
╰──────────────────────────────────────────────────────────────────────────────╯
 [problems] 1 need attention | selected: rictus p:activity  ⏎:attach  n:nudge
 h:handoff  Tab:next  ?:help  q:quit
